[ai-sang-tac-truyen-beta.netlify.app/index.html]
[backblue.gif]
[fade.gif]
[index.html]
[ntk918.github.io/my-images/dragon_light.webp]
[fonts.googleapis.com/css27c8d.css]
[fonts.googleapis.com/index.html]
[ai-sang-tac-truyen-beta.netlify.app/assets/index-850OQDer.js]
[ai-sang-tac-truyen-beta.netlify.app/assets/react-BjG_zV1W.js]
[ai-sang-tac-truyen-beta.netlify.app/index.html]
[fonts.googleapis.com/index.html]
[ai-sang-tac-truyen-beta.netlify.app/assets/index-CvO4pZCd.css]
[fonts.gstatic.com/index.html]
[fonts.gstatic.com/s/inter/v20/UcC73FwrK3iLTeHuS_nVMrMxCp50SjIa2JL7SUc.woff2]
[fonts.gstatic.com/s/inter/v20/UcC73FwrK3iLTeHuS_nVMrMxCp50SjIa0ZL7SUc.woff2]
[fonts.gstatic.com/s/inter/v20/UcC73FwrK3iLTeHuS_nVMrMxCp50SjIa2ZL7SUc.woff2]
[fonts.gstatic.com/s/inter/v20/UcC73FwrK3iLTeHuS_nVMrMxCp50SjIa1pL7SUc.woff2]
[fonts.gstatic.com/s/inter/v20/UcC73FwrK3iLTeHuS_nVMrMxCp50SjIa2pL7SUc.woff2]
[fonts.gstatic.com/s/inter/v20/UcC73FwrK3iLTeHuS_nVMrMxCp50SjIa25L7SUc.woff2]
[fonts.gstatic.com/s/inter/v20/UcC73FwrK3iLTeHuS_nVMrMxCp50SjIa1ZL7.woff2]
[fonts.gstatic.com/s/lobster/v32/neILzCirqoswsqX9zo-mM5Ez.woff2]
[fonts.gstatic.com/s/lobster/v32/neILzCirqoswsqX9zoamM5Ez.woff2]
[fonts.gstatic.com/s/lobster/v32/neILzCirqoswsqX9zo2mM5Ez.woff2]
[fonts.gstatic.com/s/lobster/v32/neILzCirqoswsqX9zoymM5Ez.woff2]
[fonts.gstatic.com/s/lobster/v32/neILzCirqoswsqX9zoKmMw.woff2]
[fonts.gstatic.com/s/lora/v37/0QI8MX1D_JOuMw_hLdO6T2wV9KnW-MoFoqJ2nOeZ.woff2]
[fonts.gstatic.com/s/lora/v37/0QI8MX1D_JOuMw_hLdO6T2wV9KnW-MoFoqt2nOeZ.woff2]
[fonts.gstatic.com/s/lora/v37/0QI8MX1D_JOuMw_hLdO6T2wV9KnW-MoFotN2nOeZ.woff2]
[fonts.gstatic.com/s/lora/v37/0QI8MX1D_JOuMw_hLdO6T2wV9KnW-MoFosF2nOeZ.woff2]
[fonts.gstatic.com/s/lora/v37/0QI8MX1D_JOuMw_hLdO6T2wV9KnW-MoFoqB2nOeZ.woff2]
[fonts.gstatic.com/s/lora/v37/0QI8MX1D_JOuMw_hLdO6T2wV9KnW-MoFoqF2nOeZ.woff2]
[fonts.gstatic.com/s/lora/v37/0QI8MX1D_JOuMw_hLdO6T2wV9KnW-MoFoq92nA.woff2]
[fonts.gstatic.com/s/lora/v37/0QIvMX1D_JOuMwf7I-NP.woff2]
[fonts.gstatic.com/s/lora/v37/0QIvMX1D_JOuMw77I-NP.woff2]
[fonts.gstatic.com/s/lora/v37/0QIvMX1D_JOuM3b7I-NP.woff2]
[fonts.gstatic.com/s/lora/v37/0QIvMX1D_JOuM2T7I-NP.woff2]
[fonts.gstatic.com/s/lora/v37/0QIvMX1D_JOuMwX7I-NP.woff2]
[fonts.gstatic.com/s/lora/v37/0QIvMX1D_JOuMwT7I-NP.woff2]
[fonts.gstatic.com/s/lora/v37/0QIvMX1D_JOuMwr7Iw.woff2]
[fonts.gstatic.com/s/merriweather/v33/u-4c0qyriQwlOrhSvowK_l5-eTxCVx0ZbwLvKH2Gk9hLmp0v5yA-xXPqCzLvF-adrGGj.woff2]
[fonts.gstatic.com/s/merriweather/v33/u-4c0qyriQwlOrhSvowK_l5-eTxCVx0ZbwLvKH2Gk9hLmp0v5yA-xXPqCzLvF--drGGj.woff2]
[fonts.gstatic.com/s/merriweather/v33/u-4c0qyriQwlOrhSvowK_l5-eTxCVx0ZbwLvKH2Gk9hLmp0v5yA-xXPqCzLvF-SdrGGj.woff2]
[fonts.gstatic.com/s/merriweather/v33/u-4c0qyriQwlOrhSvowK_l5-eTxCVx0ZbwLvKH2Gk9hLmp0v5yA-xXPqCzLvF-WdrGGj.woff2]
[fonts.gstatic.com/s/merriweather/v33/u-4c0qyriQwlOrhSvowK_l5-eTxCVx0ZbwLvKH2Gk9hLmp0v5yA-xXPqCzLvF-udrA.woff2]
[fonts.gstatic.com/s/merriweather/v33/u-4e0qyriQwlOrhSvowK_l5UcA6zuSYEqOzpPe3HOZJ5eX1WtLaQwmYiSeqnJ-mFqA.woff2]
[fonts.gstatic.com/s/merriweather/v33/u-4e0qyriQwlOrhSvowK_l5UcA6zuSYEqOzpPe3HOZJ5eX1WtLaQwmYiSequJ-mFqA.woff2]
[fonts.gstatic.com/s/merriweather/v33/u-4e0qyriQwlOrhSvowK_l5UcA6zuSYEqOzpPe3HOZJ5eX1WtLaQwmYiSeqlJ-mFqA.woff2]
[fonts.gstatic.com/s/merriweather/v33/u-4e0qyriQwlOrhSvowK_l5UcA6zuSYEqOzpPe3HOZJ5eX1WtLaQwmYiSeqkJ-mFqA.woff2]
[fonts.gstatic.com/s/merriweather/v33/u-4e0qyriQwlOrhSvowK_l5UcA6zuSYEqOzpPe3HOZJ5eX1WtLaQwmYiSeqqJ-k.woff2]
[fonts.gstatic.com/s/nunito/v32/XRXK3I6Li01BKofIMPyPbj8d7IEAGXNirXAHgKbabWk.woff2]
[fonts.gstatic.com/s/nunito/v32/XRXK3I6Li01BKofIMPyPbj8d7IEAGXNirXAHiababWk.woff2]
[fonts.gstatic.com/s/nunito/v32/XRXK3I6Li01BKofIMPyPbj8d7IEAGXNirXAHgqbabWk.woff2]
[fonts.gstatic.com/s/nunito/v32/XRXK3I6Li01BKofIMPyPbj8d7IEAGXNirXAHg6babWk.woff2]
[fonts.gstatic.com/s/nunito/v32/XRXK3I6Li01BKofIMPyPbj8d7IEAGXNirXAHjaba.woff2]
[fonts.gstatic.com/s/nunito/v32/XRXV3I6Li01BKofIOOaBXso.woff2]
[fonts.gstatic.com/s/nunito/v32/XRXV3I6Li01BKofIMeaBXso.woff2]
[fonts.gstatic.com/s/nunito/v32/XRXV3I6Li01BKofIOuaBXso.woff2]
[fonts.gstatic.com/s/nunito/v32/XRXV3I6Li01BKofIO-aBXso.woff2]
[fonts.gstatic.com/s/nunito/v32/XRXV3I6Li01BKofINeaB.woff2]
[fonts.gstatic.com/s/pacifico/v23/FwZY7-Qmy14u9lezJ-6K6MmTpA.woff2]
[fonts.gstatic.com/s/pacifico/v23/FwZY7-Qmy14u9lezJ-6D6MmTpA.woff2]
[fonts.gstatic.com/s/pacifico/v23/FwZY7-Qmy14u9lezJ-6I6MmTpA.woff2]
[fonts.gstatic.com/s/pacifico/v23/FwZY7-Qmy14u9lezJ-6J6MmTpA.woff2]
[fonts.gstatic.com/s/pacifico/v23/FwZY7-Qmy14u9lezJ-6H6Mk.woff2]
[fonts.gstatic.com/s/playfairdisplay/v40/nuFkD-vYSZviVYUb_rj3ij__anPXDTnohkk72xU.woff2]
[fonts.gstatic.com/s/playfairdisplay/v40/nuFkD-vYSZviVYUb_rj3ij__anPXDTnojUk72xU.woff2]
[fonts.gstatic.com/s/playfairdisplay/v40/nuFkD-vYSZviVYUb_rj3ij__anPXDTnojEk72xU.woff2]
[fonts.gstatic.com/s/playfairdisplay/v40/nuFkD-vYSZviVYUb_rj3ij__anPXDTnogkk7.woff2]
[fonts.gstatic.com/s/playfairdisplay/v40/nuFiD-vYSZviVYUb_rj3ij__anPXDTjYgFE_.woff2]
[fonts.gstatic.com/s/playfairdisplay/v40/nuFiD-vYSZviVYUb_rj3ij__anPXDTPYgFE_.woff2]
[fonts.gstatic.com/s/playfairdisplay/v40/nuFiD-vYSZviVYUb_rj3ij__anPXDTLYgFE_.woff2]
[fonts.gstatic.com/s/playfairdisplay/v40/nuFiD-vYSZviVYUb_rj3ij__anPXDTzYgA.woff2]
[fonts.gstatic.com/s/robotomono/v31/L0x5DF4xlVMF-BfR8bXMIjhGq3-OXg.woff2]
[fonts.gstatic.com/s/robotomono/v31/L0x5DF4xlVMF-BfR8bXMIjhPq3-OXg.woff2]
[fonts.gstatic.com/s/robotomono/v31/L0x5DF4xlVMF-BfR8bXMIjhIq3-OXg.woff2]
[fonts.gstatic.com/s/robotomono/v31/L0x5DF4xlVMF-BfR8bXMIjhEq3-OXg.woff2]
[fonts.gstatic.com/s/robotomono/v31/L0x5DF4xlVMF-BfR8bXMIjhFq3-OXg.woff2]
[fonts.gstatic.com/s/robotomono/v31/L0x5DF4xlVMF-BfR8bXMIjhLq38.woff2]
[fonts.gstatic.com/s/sourcecodepro/v31/HI_jiYsKILxRpg3hIP6sJ7fM7PqlOPHYvDP_W9O7GQTTbI1bQ10YVJg.woff2]
[fonts.gstatic.com/s/sourcecodepro/v31/HI_jiYsKILxRpg3hIP6sJ7fM7PqlOPHYvDP_W9O7GQTTbI1bSl0YVJg.woff2]
[fonts.gstatic.com/s/sourcecodepro/v31/HI_jiYsKILxRpg3hIP6sJ7fM7PqlOPHYvDP_W9O7GQTTbI1bQl0YVJg.woff2]
[fonts.gstatic.com/s/sourcecodepro/v31/HI_jiYsKILxRpg3hIP6sJ7fM7PqlOPHYvDP_W9O7GQTTbI1bTV0YVJg.woff2]
[fonts.gstatic.com/s/sourcecodepro/v31/HI_jiYsKILxRpg3hIP6sJ7fM7PqlOPHYvDP_W9O7GQTTbI1bQV0YVJg.woff2]
[fonts.gstatic.com/s/sourcecodepro/v31/HI_jiYsKILxRpg3hIP6sJ7fM7PqlOPHYvDP_W9O7GQTTbI1bQF0YVJg.woff2]
[fonts.gstatic.com/s/sourcecodepro/v31/HI_jiYsKILxRpg3hIP6sJ7fM7PqlOPHYvDP_W9O7GQTTbI1bTl0Y.woff2]
[fonts.gstatic.com/s/sourcecodepro/v31/HI_SiYsKILxRpg3hIP6sJ7fM7PqlMOvWjMY.woff2]
[fonts.gstatic.com/s/sourcecodepro/v31/HI_SiYsKILxRpg3hIP6sJ7fM7PqlOevWjMY.woff2]
[fonts.gstatic.com/s/sourcecodepro/v31/HI_SiYsKILxRpg3hIP6sJ7fM7PqlMevWjMY.woff2]
[fonts.gstatic.com/s/sourcecodepro/v31/HI_SiYsKILxRpg3hIP6sJ7fM7PqlPuvWjMY.woff2]
[fonts.gstatic.com/s/sourcecodepro/v31/HI_SiYsKILxRpg3hIP6sJ7fM7PqlMuvWjMY.woff2]
[fonts.gstatic.com/s/sourcecodepro/v31/HI_SiYsKILxRpg3hIP6sJ7fM7PqlM-vWjMY.woff2]
[fonts.gstatic.com/s/sourcecodepro/v31/HI_SiYsKILxRpg3hIP6sJ7fM7PqlPevW.woff2]
[fonts.gstatic.com/s/worksans/v24/QGY9z_wNahGAdqQ43Rh_ebrnlwyYfEPxPoGU3ms5q4fYGyA.woff2]
[fonts.gstatic.com/s/worksans/v24/QGY9z_wNahGAdqQ43Rh_ebrnlwyYfEPxPoGU3ms5qofYGyA.woff2]
[fonts.gstatic.com/s/worksans/v24/QGY9z_wNahGAdqQ43Rh_ebrnlwyYfEPxPoGU3ms5pIfY.woff2]
[fonts.gstatic.com/s/worksans/v24/QGYsz_wNahGAdqQ43Rh_c6Dpp_k.woff2]
[fonts.gstatic.com/s/worksans/v24/QGYsz_wNahGAdqQ43Rh_cqDpp_k.woff2]
[fonts.gstatic.com/s/worksans/v24/QGYsz_wNahGAdqQ43Rh_fKDp.woff2]
[fonts.googleapis.com/css27c8d.css]
[ai-sang-tac-truyen-beta.netlify.app/assets/index-CvO4pZCd.css]
